// Jest Snapshot v1, https://goo.gl/fbAQLP

exports[`App component renders App 1`] = `
<div>
  <div
    style="background-color: white; color: black;"
  >
    <header
      style="background-color: white; color: black;"
    >
      <button
        role="button"
      >
        changeTheme
      </button>
    </header>
    <ul
      aria-label="Character"
      role="character-list"
    />
  </div>
</div>
`;
